// Jest Snapshot v1, https://goo.gl/fbAQLP

exports[`listFilesSync shows all the files 1`] = `
Array [
  "validProject/.widgetRegistry/main.js",
  "widgetDefinitions/fake.widget.js",
]
`;
